[[(1, "a"), (2, "b")], [(3, "x"), (3, "y"), (9, "z")]]
Box(items: [(1, "a"), (2, "b"), (3, "c")], tag: Some("t")) t
none [(3, "c"), (2, "b"), (1, "a")]
["ccc", "bb", "dd", "a"]
none Some("bb")
Some("ccc") none
best    ccc|003
[(3, 1), (3, 2), (1, 2)] [(1, 2), (3, 1), (3, 2)] (3, 2)
 3  1    4
 3  2    5
 1  2    3
Op.Add: 9
Op.Sub: 3
Op.Mul: 18
30
x (1, "one") 2
y (2, "two") 3
(1, "one") (0, "-")
[("fox", 3), ("the", 3), ("brown", 5), ("quick", 5)]
the ["quick", "brown", "fox"] 3
[["the", "quick"], ["brown", "fox"]] bcd ab ["brown", "fox"]
[1, 2, 3] 1 3
true false false true true
A B C
["b": 1, "a": 1]
   3.142|42    |+7|1,234,567|  ab  |  z|true 
